// Jest Snapshot v1, https://goo.gl/fbAQLP

exports[`renders homepage unchanged 1`] = `
<div
  className="container"
>
  <main>
    <section
      className="menu-selection"
    >
      <h1>
        Island Creator
      </h1>
      <div
        className="selection-items"
      >
        <a
          href="/virtualized"
          onClick={[Function]}
          onMouseEnter={[Function]}
        >
          Virtualized
        </a>
        <a
          href="/canvas"
          onClick={[Function]}
          onMouseEnter={[Function]}
        >
          Canvas
        </a>
      </div>
    </section>
  </main>
</div>
`;
